MODULE MAP:
==========

name              |      code     |   |      const    |   |      data     |   |      bss      |
------------------+-------+-------+   +-------+-------+   +-------+-------+   +-------+-------+
                  | start | end   |   | start | end   |   | start | end   |   | start | end   |
------------------+-------+-------+   +-------+-------+   +-------+-------+   +-------+-------+
????????            1DE000  ??????      ??????  ??????      2AD000  ??????      ??????  ??????
mingames            2106F1  215362      ------  ------      2B2910  2B2B0C      ------  ------
????????            ??????  ??????      ??????  ??????      ??????  ??????      ??????  ??????
canvas              243545  2438A4      ??????  ??????      ??????  ??????      ??????  ??????
????????            ??????  ??????      ??????  ??????      ??????  ??????      ??????  ??????
cursors             243910  244660      ??????  ??????      2B386C  2B3890      478CA8  478CAC
????????            ??????  ??????      ??????  ??????      ??????  ??????      ??????  ??????
event               248DAB  249F23      ??????  ??????      ??????  ??????      ??????  ??????
????????            ??????  ??????      ??????  ??????      ??????  ??????      ??????  ??????
vmouse              244FA0  245092      ??????  ??????      2B38A4  2B38AC      ??????  ??????
????????            ??????  ??????      ??????  ??????      ??????  ??????      ??????  ??????
bitmap              24B9FA  24BC7C      ??????  ??????      ??????  ??????      ??????  ??????
????????            ??????  ??????      ??????  ??????      ??????  ??????      ??????  ??????
ail_a               24EC3F  2505B8      2ADE28  2ADF6B      2B3B28  2B3BB0      47B294  47B2B8
????????            ??????  ??????      ??????  ??????      ??????  ??????      ??????  ??????
ail_b               25EAB9  261D74      2ADF79  2AE14B      2B7580  2B7614      47C1DC  47C408
????????            ??????  ??????      ??????  ??????      ??????  ??????      ??????  ??????

Partially integrated:
--------------------

Not integrated yet:
------------------
grmalloc            25CEF9  25CF19      ??????  ??????      2B7244  2B724C      ------  ------
exit                280CA5  280D31      ??????  ??????      ------  ------      492751  492765
region              2454C0  246420      ??????  ??????      2B38AC  2B38B1      47AA50  47AA5E

resfile             246F79  2477AC      ??????  ??????      2B38C4  2B38E0      47AA7E  47AB58
res                 2477AC  247A47
datapath            24AEFA  24B3F9

ail_c               26B51A  26BBAD      2AE170  2AE1F3      2B89D4  2B89D8      ------  ------
ail_d               26C95C  26CF49      2AE220  2AE2B6      2B8A2C  2B8A34      490FE8  4911A4
ail_e               26E14A  2716A3      2AE2B6  2AE2BB      2B8FD4  2B9BB0      ------  ------


Comments:
--------
achei dbg.c
achei lgsprntf.c
achei memall.c com algumas diferenças começa em MemSetAllocator_

AIL::



MEMORY MAP:
==========

name              | address     |
------------------+-------------+
(TEXT start)        1DE000
?aa                 1DE000
mingames            2106F1
?bb                 215362
canvas              243545
?cc                 2438A4
cursors             243910
?dd                 244660
vmouse              244FA0
?ee                 245092
event               248DAB
?ee1                249F23
bitmap              24B9FA
?ff                 24BC7C
ail_a               24EC3F
?gg                 2505B8
ail_b               25EAB9
?hh                 261D74
ail_c               26B51A
?ii                 26BBAD
ail_d               26C95C
?jj                 26CF49
ail_e               26E14A
?kk                 2716A3
(TEXT end)          2ACD0F

(CODE16 start)      123000
key16               123000
(CODE16 end)        1234DD

(CONST start)       2AD000
?aa                 2AD000
ail_a               2ADE28
?gg                 2ADF6B
ail_b               2ADF79
?ii                 2AE14B
(CONST end)         2AED6C

(DATA start)        2AED6C
?aa                 2AED6C
mingames            2B2910
?bb                 2B2B0C
cursors             2B386C
?dd                 2B3890
vmouse              2B38A4
?ff                 2B38AC
ail_a               2B3B28
?gg                 2B3BB0
ail_b               2B7580
?ii                 2B7614
(DATA end)          2C6770

(BSS start)         2C6770
?aa                 2C6770
cursors             478CA8
?ff                 478CAC
ail_a               47B294
?gg                 47B2B8
ail_b               47C1DC
?ii                 47C408
(BSS end)           492990
